MPLINK 5.08, LINKER
Linker Map File - Created Tue Aug 24 22:00:51 2021

                                 Section Info
                  Section       Type    Address   Location Size(Bytes)
                ---------  ---------  ---------  ---------  ---------
                   .org_0       code   0x000000    program   0x000000
                   .org_1       code   0x000000    program   0x000002
                   .org_2       code   0x000004    program   0x00008c
      .config_2007_AT-1.O       code   0x002007    program   0x000002



                              Program Memory Usage 
                               Start         End      
                           ---------   ---------      
                            0x000000    0x000000      
                            0x000004    0x000049      
                            0x002007    0x002007      
            72 out of 1158 program addresses used, program memory utilization is 6%



                              Symbols - Sorted by Name
                     Name    Address   Location    Storage File                     
                ---------  ---------  ---------  --------- ---------                
              DIVISAO_100   0x000014    program     static C:\Users\Wendson Carlos\MPLABXProjects\Atividade-1.X\AT-1.ASM
                DIVISAO_4   0x00000c    program     static C:\Users\Wendson Carlos\MPLABXProjects\Atividade-1.X\AT-1.ASM
                   INICIO   0x000036    program     static C:\Users\Wendson Carlos\MPLABXProjects\Atividade-1.X\AT-1.ASM
                 LOOP_100   0x000028    program     static C:\Users\Wendson Carlos\MPLABXProjects\Atividade-1.X\AT-1.ASM
                   LOOP_4   0x00001e    program     static C:\Users\Wendson Carlos\MPLABXProjects\Atividade-1.X\AT-1.ASM
                LOOP_D100   0x000017    program     static C:\Users\Wendson Carlos\MPLABXProjects\Atividade-1.X\AT-1.ASM
                  LOOP_D4   0x00000f    program     static C:\Users\Wendson Carlos\MPLABXProjects\Atividade-1.X\AT-1.ASM
                     MAIN   0x000041    program     static C:\Users\Wendson Carlos\MPLABXProjects\Atividade-1.X\AT-1.ASM
                MULTI_100   0x000024    program     static C:\Users\Wendson Carlos\MPLABXProjects\Atividade-1.X\AT-1.ASM
                  MULTI_4   0x00001c    program     static C:\Users\Wendson Carlos\MPLABXProjects\Atividade-1.X\AT-1.ASM
                  SAI_INT   0x000007    program     static C:\Users\Wendson Carlos\MPLABXProjects\Atividade-1.X\AT-1.ASM
           TESTE_BISSEXTO   0x000030    program     static C:\Users\Wendson Carlos\MPLABXProjects\Atividade-1.X\AT-1.ASM



                              Symbols - Sorted by Address
                     Name    Address   Location    Storage File                     
                ---------  ---------  ---------  --------- ---------                
                  SAI_INT   0x000007    program     static C:\Users\Wendson Carlos\MPLABXProjects\Atividade-1.X\AT-1.ASM
                DIVISAO_4   0x00000c    program     static C:\Users\Wendson Carlos\MPLABXProjects\Atividade-1.X\AT-1.ASM
                  LOOP_D4   0x00000f    program     static C:\Users\Wendson Carlos\MPLABXProjects\Atividade-1.X\AT-1.ASM
              DIVISAO_100   0x000014    program     static C:\Users\Wendson Carlos\MPLABXProjects\Atividade-1.X\AT-1.ASM
                LOOP_D100   0x000017    program     static C:\Users\Wendson Carlos\MPLABXProjects\Atividade-1.X\AT-1.ASM
                  MULTI_4   0x00001c    program     static C:\Users\Wendson Carlos\MPLABXProjects\Atividade-1.X\AT-1.ASM
                   LOOP_4   0x00001e    program     static C:\Users\Wendson Carlos\MPLABXProjects\Atividade-1.X\AT-1.ASM
                MULTI_100   0x000024    program     static C:\Users\Wendson Carlos\MPLABXProjects\Atividade-1.X\AT-1.ASM
                 LOOP_100   0x000028    program     static C:\Users\Wendson Carlos\MPLABXProjects\Atividade-1.X\AT-1.ASM
           TESTE_BISSEXTO   0x000030    program     static C:\Users\Wendson Carlos\MPLABXProjects\Atividade-1.X\AT-1.ASM
                   INICIO   0x000036    program     static C:\Users\Wendson Carlos\MPLABXProjects\Atividade-1.X\AT-1.ASM
                     MAIN   0x000041    program     static C:\Users\Wendson Carlos\MPLABXProjects\Atividade-1.X\AT-1.ASM


