MPLINK 5.08, LINKER
Linker Map File - Created Sun Aug 29 18:01:26 2021

                                 Section Info
                  Section       Type    Address   Location Size(Bytes)
                ---------  ---------  ---------  ---------  ---------
                   .org_0       code   0x000000    program   0x000000
                   .org_1       code   0x000000    program   0x000002
                   .org_2       code   0x000004    program   0x0002e0
      .config_2007_AT-1.O       code   0x002007    program   0x000002



                              Program Memory Usage 
                               Start         End      
                           ---------   ---------      
                            0x000000    0x000000      
                            0x000004    0x000173      
                            0x002007    0x002007      
            370 out of 1158 program addresses used, program memory utilization is 31%



                              Symbols - Sorted by Name
                     Name    Address   Location    Storage File                     
                ---------  ---------  ---------  --------- ---------                
                    ABRIL   0x0000cf    program     static C:\Users\Wendson Carlos\MPLABXProjects\Atividade-1.X\AT-1.ASM
                   AGOSTO   0x00011f    program     static C:\Users\Wendson Carlos\MPLABXProjects\Atividade-1.X\AT-1.ASM
                  COD_ANO   0x000044    program     static C:\Users\Wendson Carlos\MPLABXProjects\Atividade-1.X\AT-1.ASM
                  COD_MES   0x000063    program     static C:\Users\Wendson Carlos\MPLABXProjects\Atividade-1.X\AT-1.ASM
                 DEZEMBRO   0x00014d    program     static C:\Users\Wendson Carlos\MPLABXProjects\Atividade-1.X\AT-1.ASM
            DIA_DA_SEMANA   0x000020    program     static C:\Users\Wendson Carlos\MPLABXProjects\Atividade-1.X\AT-1.ASM
                DIVISAO_4   0x000047    program     static C:\Users\Wendson Carlos\MPLABXProjects\Atividade-1.X\AT-1.ASM
                DIVISAO_7   0x00004c    program     static C:\Users\Wendson Carlos\MPLABXProjects\Atividade-1.X\AT-1.ASM
              DIVISAO_ABR   0x0000d4    program     static C:\Users\Wendson Carlos\MPLABXProjects\Atividade-1.X\AT-1.ASM
              DIVISAO_AGO   0x000124    program     static C:\Users\Wendson Carlos\MPLABXProjects\Atividade-1.X\AT-1.ASM
                DIVISAO_B   0x00000c    program     static C:\Users\Wendson Carlos\MPLABXProjects\Atividade-1.X\AT-1.ASM
             DIVISAO_DATA   0x00002f    program     static C:\Users\Wendson Carlos\MPLABXProjects\Atividade-1.X\AT-1.ASM
              DIVISAO_FEV   0x0000a5    program     static C:\Users\Wendson Carlos\MPLABXProjects\Atividade-1.X\AT-1.ASM
              DIVISAO_JUL   0x000110    program     static C:\Users\Wendson Carlos\MPLABXProjects\Atividade-1.X\AT-1.ASM
              DIVISAO_JUN   0x0000fc    program     static C:\Users\Wendson Carlos\MPLABXProjects\Atividade-1.X\AT-1.ASM
              DIVISAO_MAI   0x0000e8    program     static C:\Users\Wendson Carlos\MPLABXProjects\Atividade-1.X\AT-1.ASM
              DIVISAO_MAR   0x0000c0    program     static C:\Users\Wendson Carlos\MPLABXProjects\Atividade-1.X\AT-1.ASM
              DIVISAO_SET   0x000138    program     static C:\Users\Wendson Carlos\MPLABXProjects\Atividade-1.X\AT-1.ASM
                     ERRO   0x000173    program     static C:\Users\Wendson Carlos\MPLABXProjects\Atividade-1.X\AT-1.ASM
                FEVEREIRO   0x0000a1    program     static C:\Users\Wendson Carlos\MPLABXProjects\Atividade-1.X\AT-1.ASM
                      FIM   0x000150    program     static C:\Users\Wendson Carlos\MPLABXProjects\Atividade-1.X\AT-1.ASM
              INICIA_EM_0   0x00009e    program     static C:\Users\Wendson Carlos\MPLABXProjects\Atividade-1.X\AT-1.ASM
              INICIA_EM_1   0x00009b    program     static C:\Users\Wendson Carlos\MPLABXProjects\Atividade-1.X\AT-1.ASM
                   INICIO   0x000151    program     static C:\Users\Wendson Carlos\MPLABXProjects\Atividade-1.X\AT-1.ASM
            INICIO_ANO_19   0x000029    program     static C:\Users\Wendson Carlos\MPLABXProjects\Atividade-1.X\AT-1.ASM
            INICIO_ANO_20   0x00002c    program     static C:\Users\Wendson Carlos\MPLABXProjects\Atividade-1.X\AT-1.ASM
                  JANEIRO   0x000096    program     static C:\Users\Wendson Carlos\MPLABXProjects\Atividade-1.X\AT-1.ASM
                    JULHO   0x00010b    program     static C:\Users\Wendson Carlos\MPLABXProjects\Atividade-1.X\AT-1.ASM
                    JUNHO   0x0000f7    program     static C:\Users\Wendson Carlos\MPLABXProjects\Atividade-1.X\AT-1.ASM
                  LOOP_DB   0x00000f    program     static C:\Users\Wendson Carlos\MPLABXProjects\Atividade-1.X\AT-1.ASM
               LOOP_DIV_7   0x000050    program     static C:\Users\Wendson Carlos\MPLABXProjects\Atividade-1.X\AT-1.ASM
            LOOP_DIV_DATA   0x000033    program     static C:\Users\Wendson Carlos\MPLABXProjects\Atividade-1.X\AT-1.ASM
                  LOOP_MB   0x000016    program     static C:\Users\Wendson Carlos\MPLABXProjects\Atividade-1.X\AT-1.ASM
                     MAIN   0x00015c    program     static C:\Users\Wendson Carlos\MPLABXProjects\Atividade-1.X\AT-1.ASM
                     MAIO   0x0000e3    program     static C:\Users\Wendson Carlos\MPLABXProjects\Atividade-1.X\AT-1.ASM
                    MARCO   0x0000bb    program     static C:\Users\Wendson Carlos\MPLABXProjects\Atividade-1.X\AT-1.ASM
                 MENOR_21   0x000169    program     static C:\Users\Wendson Carlos\MPLABXProjects\Atividade-1.X\AT-1.ASM
                MULTI_ABR   0x0000d9    program     static C:\Users\Wendson Carlos\MPLABXProjects\Atividade-1.X\AT-1.ASM
                MULTI_AGO   0x000129    program     static C:\Users\Wendson Carlos\MPLABXProjects\Atividade-1.X\AT-1.ASM
              MULTI_ANO_7   0x000055    program     static C:\Users\Wendson Carlos\MPLABXProjects\Atividade-1.X\AT-1.ASM
                  MULTI_B   0x000014    program     static C:\Users\Wendson Carlos\MPLABXProjects\Atividade-1.X\AT-1.ASM
               MULTI_DATA   0x000038    program     static C:\Users\Wendson Carlos\MPLABXProjects\Atividade-1.X\AT-1.ASM
                MULTI_FEV   0x0000aa    program     static C:\Users\Wendson Carlos\MPLABXProjects\Atividade-1.X\AT-1.ASM
                MULTI_JUL   0x000115    program     static C:\Users\Wendson Carlos\MPLABXProjects\Atividade-1.X\AT-1.ASM
                MULTI_JUN   0x000101    program     static C:\Users\Wendson Carlos\MPLABXProjects\Atividade-1.X\AT-1.ASM
                MULTI_MAI   0x0000ed    program     static C:\Users\Wendson Carlos\MPLABXProjects\Atividade-1.X\AT-1.ASM
                MULTI_MAR   0x0000c5    program     static C:\Users\Wendson Carlos\MPLABXProjects\Atividade-1.X\AT-1.ASM
                MULTI_SET   0x00013d    program     static C:\Users\Wendson Carlos\MPLABXProjects\Atividade-1.X\AT-1.ASM
                 NOVEMBRO   0x00014a    program     static C:\Users\Wendson Carlos\MPLABXProjects\Atividade-1.X\AT-1.ASM
                  OUTUBRO   0x000147    program     static C:\Users\Wendson Carlos\MPLABXProjects\Atividade-1.X\AT-1.ASM
                PRINCIPAL   0x00016e    program     static C:\Users\Wendson Carlos\MPLABXProjects\Atividade-1.X\AT-1.ASM
                RESTO_B_4   0x00001c    program     static C:\Users\Wendson Carlos\MPLABXProjects\Atividade-1.X\AT-1.ASM
              RESTO_DIV_7   0x00005b    program     static C:\Users\Wendson Carlos\MPLABXProjects\Atividade-1.X\AT-1.ASM
            RESTO_DIV_ABR   0x0000df    program     static C:\Users\Wendson Carlos\MPLABXProjects\Atividade-1.X\AT-1.ASM
            RESTO_DIV_AGO   0x00012f    program     static C:\Users\Wendson Carlos\MPLABXProjects\Atividade-1.X\AT-1.ASM
           RESTO_DIV_DATA   0x00003e    program     static C:\Users\Wendson Carlos\MPLABXProjects\Atividade-1.X\AT-1.ASM
            RESTO_DIV_FEV   0x0000b0    program     static C:\Users\Wendson Carlos\MPLABXProjects\Atividade-1.X\AT-1.ASM
            RESTO_DIV_JUL   0x00011b    program     static C:\Users\Wendson Carlos\MPLABXProjects\Atividade-1.X\AT-1.ASM
            RESTO_DIV_JUN   0x000107    program     static C:\Users\Wendson Carlos\MPLABXProjects\Atividade-1.X\AT-1.ASM
            RESTO_DIV_MAI   0x0000f3    program     static C:\Users\Wendson Carlos\MPLABXProjects\Atividade-1.X\AT-1.ASM
            RESTO_DIV_MAR   0x0000cb    program     static C:\Users\Wendson Carlos\MPLABXProjects\Atividade-1.X\AT-1.ASM
            RESTO_DIV_SET   0x000143    program     static C:\Users\Wendson Carlos\MPLABXProjects\Atividade-1.X\AT-1.ASM
                  SAI_INT   0x000007    program     static C:\Users\Wendson Carlos\MPLABXProjects\Atividade-1.X\AT-1.ASM
                 SETEMBRO   0x000133    program     static C:\Users\Wendson Carlos\MPLABXProjects\Atividade-1.X\AT-1.ASM
                 SOMA_ANO   0x00005e    program     static C:\Users\Wendson Carlos\MPLABXProjects\Atividade-1.X\AT-1.ASM
                    SUB_1   0x0000b8    program     static C:\Users\Wendson Carlos\MPLABXProjects\Atividade-1.X\AT-1.ASM
           TESTE_BISSEXTO   0x00000c    program     static C:\Users\Wendson Carlos\MPLABXProjects\Atividade-1.X\AT-1.ASM



                              Symbols - Sorted by Address
                     Name    Address   Location    Storage File                     
                ---------  ---------  ---------  --------- ---------                
                  SAI_INT   0x000007    program     static C:\Users\Wendson Carlos\MPLABXProjects\Atividade-1.X\AT-1.ASM
           TESTE_BISSEXTO   0x00000c    program     static C:\Users\Wendson Carlos\MPLABXProjects\Atividade-1.X\AT-1.ASM
                DIVISAO_B   0x00000c    program     static C:\Users\Wendson Carlos\MPLABXProjects\Atividade-1.X\AT-1.ASM
                  LOOP_DB   0x00000f    program     static C:\Users\Wendson Carlos\MPLABXProjects\Atividade-1.X\AT-1.ASM
                  MULTI_B   0x000014    program     static C:\Users\Wendson Carlos\MPLABXProjects\Atividade-1.X\AT-1.ASM
                  LOOP_MB   0x000016    program     static C:\Users\Wendson Carlos\MPLABXProjects\Atividade-1.X\AT-1.ASM
                RESTO_B_4   0x00001c    program     static C:\Users\Wendson Carlos\MPLABXProjects\Atividade-1.X\AT-1.ASM
            DIA_DA_SEMANA   0x000020    program     static C:\Users\Wendson Carlos\MPLABXProjects\Atividade-1.X\AT-1.ASM
            INICIO_ANO_19   0x000029    program     static C:\Users\Wendson Carlos\MPLABXProjects\Atividade-1.X\AT-1.ASM
            INICIO_ANO_20   0x00002c    program     static C:\Users\Wendson Carlos\MPLABXProjects\Atividade-1.X\AT-1.ASM
             DIVISAO_DATA   0x00002f    program     static C:\Users\Wendson Carlos\MPLABXProjects\Atividade-1.X\AT-1.ASM
            LOOP_DIV_DATA   0x000033    program     static C:\Users\Wendson Carlos\MPLABXProjects\Atividade-1.X\AT-1.ASM
               MULTI_DATA   0x000038    program     static C:\Users\Wendson Carlos\MPLABXProjects\Atividade-1.X\AT-1.ASM
           RESTO_DIV_DATA   0x00003e    program     static C:\Users\Wendson Carlos\MPLABXProjects\Atividade-1.X\AT-1.ASM
                  COD_ANO   0x000044    program     static C:\Users\Wendson Carlos\MPLABXProjects\Atividade-1.X\AT-1.ASM
                DIVISAO_4   0x000047    program     static C:\Users\Wendson Carlos\MPLABXProjects\Atividade-1.X\AT-1.ASM
                DIVISAO_7   0x00004c    program     static C:\Users\Wendson Carlos\MPLABXProjects\Atividade-1.X\AT-1.ASM
               LOOP_DIV_7   0x000050    program     static C:\Users\Wendson Carlos\MPLABXProjects\Atividade-1.X\AT-1.ASM
              MULTI_ANO_7   0x000055    program     static C:\Users\Wendson Carlos\MPLABXProjects\Atividade-1.X\AT-1.ASM
              RESTO_DIV_7   0x00005b    program     static C:\Users\Wendson Carlos\MPLABXProjects\Atividade-1.X\AT-1.ASM
                 SOMA_ANO   0x00005e    program     static C:\Users\Wendson Carlos\MPLABXProjects\Atividade-1.X\AT-1.ASM
                  COD_MES   0x000063    program     static C:\Users\Wendson Carlos\MPLABXProjects\Atividade-1.X\AT-1.ASM
                  JANEIRO   0x000096    program     static C:\Users\Wendson Carlos\MPLABXProjects\Atividade-1.X\AT-1.ASM
              INICIA_EM_1   0x00009b    program     static C:\Users\Wendson Carlos\MPLABXProjects\Atividade-1.X\AT-1.ASM
              INICIA_EM_0   0x00009e    program     static C:\Users\Wendson Carlos\MPLABXProjects\Atividade-1.X\AT-1.ASM
                FEVEREIRO   0x0000a1    program     static C:\Users\Wendson Carlos\MPLABXProjects\Atividade-1.X\AT-1.ASM
              DIVISAO_FEV   0x0000a5    program     static C:\Users\Wendson Carlos\MPLABXProjects\Atividade-1.X\AT-1.ASM
                MULTI_FEV   0x0000aa    program     static C:\Users\Wendson Carlos\MPLABXProjects\Atividade-1.X\AT-1.ASM
            RESTO_DIV_FEV   0x0000b0    program     static C:\Users\Wendson Carlos\MPLABXProjects\Atividade-1.X\AT-1.ASM
                    SUB_1   0x0000b8    program     static C:\Users\Wendson Carlos\MPLABXProjects\Atividade-1.X\AT-1.ASM
                    MARCO   0x0000bb    program     static C:\Users\Wendson Carlos\MPLABXProjects\Atividade-1.X\AT-1.ASM
              DIVISAO_MAR   0x0000c0    program     static C:\Users\Wendson Carlos\MPLABXProjects\Atividade-1.X\AT-1.ASM
                MULTI_MAR   0x0000c5    program     static C:\Users\Wendson Carlos\MPLABXProjects\Atividade-1.X\AT-1.ASM
            RESTO_DIV_MAR   0x0000cb    program     static C:\Users\Wendson Carlos\MPLABXProjects\Atividade-1.X\AT-1.ASM
                    ABRIL   0x0000cf    program     static C:\Users\Wendson Carlos\MPLABXProjects\Atividade-1.X\AT-1.ASM
              DIVISAO_ABR   0x0000d4    program     static C:\Users\Wendson Carlos\MPLABXProjects\Atividade-1.X\AT-1.ASM
                MULTI_ABR   0x0000d9    program     static C:\Users\Wendson Carlos\MPLABXProjects\Atividade-1.X\AT-1.ASM
            RESTO_DIV_ABR   0x0000df    program     static C:\Users\Wendson Carlos\MPLABXProjects\Atividade-1.X\AT-1.ASM
                     MAIO   0x0000e3    program     static C:\Users\Wendson Carlos\MPLABXProjects\Atividade-1.X\AT-1.ASM
              DIVISAO_MAI   0x0000e8    program     static C:\Users\Wendson Carlos\MPLABXProjects\Atividade-1.X\AT-1.ASM
                MULTI_MAI   0x0000ed    program     static C:\Users\Wendson Carlos\MPLABXProjects\Atividade-1.X\AT-1.ASM
            RESTO_DIV_MAI   0x0000f3    program     static C:\Users\Wendson Carlos\MPLABXProjects\Atividade-1.X\AT-1.ASM
                    JUNHO   0x0000f7    program     static C:\Users\Wendson Carlos\MPLABXProjects\Atividade-1.X\AT-1.ASM
              DIVISAO_JUN   0x0000fc    program     static C:\Users\Wendson Carlos\MPLABXProjects\Atividade-1.X\AT-1.ASM
                MULTI_JUN   0x000101    program     static C:\Users\Wendson Carlos\MPLABXProjects\Atividade-1.X\AT-1.ASM
            RESTO_DIV_JUN   0x000107    program     static C:\Users\Wendson Carlos\MPLABXProjects\Atividade-1.X\AT-1.ASM
                    JULHO   0x00010b    program     static C:\Users\Wendson Carlos\MPLABXProjects\Atividade-1.X\AT-1.ASM
              DIVISAO_JUL   0x000110    program     static C:\Users\Wendson Carlos\MPLABXProjects\Atividade-1.X\AT-1.ASM
                MULTI_JUL   0x000115    program     static C:\Users\Wendson Carlos\MPLABXProjects\Atividade-1.X\AT-1.ASM
            RESTO_DIV_JUL   0x00011b    program     static C:\Users\Wendson Carlos\MPLABXProjects\Atividade-1.X\AT-1.ASM
                   AGOSTO   0x00011f    program     static C:\Users\Wendson Carlos\MPLABXProjects\Atividade-1.X\AT-1.ASM
              DIVISAO_AGO   0x000124    program     static C:\Users\Wendson Carlos\MPLABXProjects\Atividade-1.X\AT-1.ASM
                MULTI_AGO   0x000129    program     static C:\Users\Wendson Carlos\MPLABXProjects\Atividade-1.X\AT-1.ASM
            RESTO_DIV_AGO   0x00012f    program     static C:\Users\Wendson Carlos\MPLABXProjects\Atividade-1.X\AT-1.ASM
                 SETEMBRO   0x000133    program     static C:\Users\Wendson Carlos\MPLABXProjects\Atividade-1.X\AT-1.ASM
              DIVISAO_SET   0x000138    program     static C:\Users\Wendson Carlos\MPLABXProjects\Atividade-1.X\AT-1.ASM
                MULTI_SET   0x00013d    program     static C:\Users\Wendson Carlos\MPLABXProjects\Atividade-1.X\AT-1.ASM
            RESTO_DIV_SET   0x000143    program     static C:\Users\Wendson Carlos\MPLABXProjects\Atividade-1.X\AT-1.ASM
                  OUTUBRO   0x000147    program     static C:\Users\Wendson Carlos\MPLABXProjects\Atividade-1.X\AT-1.ASM
                 NOVEMBRO   0x00014a    program     static C:\Users\Wendson Carlos\MPLABXProjects\Atividade-1.X\AT-1.ASM
                 DEZEMBRO   0x00014d    program     static C:\Users\Wendson Carlos\MPLABXProjects\Atividade-1.X\AT-1.ASM
                      FIM   0x000150    program     static C:\Users\Wendson Carlos\MPLABXProjects\Atividade-1.X\AT-1.ASM
                   INICIO   0x000151    program     static C:\Users\Wendson Carlos\MPLABXProjects\Atividade-1.X\AT-1.ASM
                     MAIN   0x00015c    program     static C:\Users\Wendson Carlos\MPLABXProjects\Atividade-1.X\AT-1.ASM
                 MENOR_21   0x000169    program     static C:\Users\Wendson Carlos\MPLABXProjects\Atividade-1.X\AT-1.ASM
                PRINCIPAL   0x00016e    program     static C:\Users\Wendson Carlos\MPLABXProjects\Atividade-1.X\AT-1.ASM
                     ERRO   0x000173    program     static C:\Users\Wendson Carlos\MPLABXProjects\Atividade-1.X\AT-1.ASM


